2025-11-25 01:05:47 [INFO] jobhub: Starting JobHub API
2025-11-25 01:06:20 [INFO] jobhub: Uploading resume file: cv.pdf (application/pdf)
2025-11-25 01:06:20 [INFO] jobhub: Resume parsed successfully: filename=cv.pdf, has_skills=True
2025-11-25 01:08:58 [INFO] jobhub: Starting JobHub API
2025-11-25 01:09:00 [INFO] jobhub: Uploading resume file: cv.pdf (application/pdf)
2025-11-25 01:09:01 [INFO] jobhub: Resume parsed successfully: filename=cv.pdf, has_skills=True
2025-11-25 19:04:20 [INFO] jobhub: Starting JobHub API
2025-11-25 19:04:29 [INFO] jobhub: Starting JobHub API
2025-11-25 19:04:36 [INFO] jobhub: Starting JobHub API
2025-11-25 19:04:56 [INFO] jobhub: Starting JobHub API
2025-11-25 19:04:58 [INFO] jobhub: Starting JobHub API
2025-11-25 19:08:48 [INFO] jobhub: Starting JobHub API
2025-11-25 23:27:47 [INFO] jobhub: Starting JobHub API
2025-11-25 23:28:20 [INFO] FastMatch: Starting FastMatch API
2025-11-25 23:32:36 [INFO] FastMatch: Starting FastMatch API
2025-11-25 23:32:55 [INFO] FastMatch: Starting FastMatch API
2025-11-25 23:33:00 [INFO] FastMatch: Starting FastMatch API
2025-11-25 23:34:19 [INFO] FastMatch: Starting FastMatch API
2025-11-25 23:38:09 [INFO] FastMatch: Starting FastMatch API
2025-11-25 23:39:22 [INFO] FastMatch: Starting FastMatch API
2025-11-25 23:39:42 [INFO] FastMatch: Starting FastMatch API
2025-11-25 23:41:32 [INFO] FastMatch: Starting FastMatch API
2025-11-25 23:41:39 [INFO] FastMatch: Starting FastMatch API
2025-11-25 23:42:06 [INFO] FastMatch: Starting FastMatch API
2025-11-25 23:43:03 [INFO] FastMatch: Starting FastMatch API
2025-11-25 23:43:21 [INFO] FastMatch: Starting FastMatch API
2025-11-25 23:43:23 [INFO] FastMatch: Uploading resume file: cv.pdf (application/pdf)
2025-11-25 23:44:02 [ERROR] FastMatch: Failed to parse resume file | exception=ValueError: Gemini returned invalid JSON: '```json\n{\n  "sections": [\n    {\n      "title": null,\n      "content": "Amirkhan Botagariyev Astana, Kazakhstan LinkedIn | amirkhanbotagariyev@gmail.com | +7-776-752-28-99",\n      "raw_content": "Amirkhan Botagariyev\\nAstana, Kazakhstan\\nLinkedIn |amirkhanbotagariyev@gmail.com |+7-776-752-28-99"\n    },\n    {\n      "title": "Summary",\n      "content": "Software engineer with strong foundations in algorithms, mathematics, and system design. Experienced in building ML-enabled backend systems, optimizing LLM inference pipelines, and applying hardware-aware techniques for high-performance AI infrastructure. Interested in ML Systems, distributed computing, and efficient model deployment.",\n      "raw_content": "Summary\\nSoftware engineer with strong foundations in algorithms, mathematics, and system design. Experienced in building\\nML-enabled backend systems, optimizing LLM inference pipelines, and applying hardware-aware techniques\\nfor high-performance AI infrastructure. Interested in ML Systems, distributed computing, and efficient model\\ndeployment."\n    },\n    {\n      "title": "Skills",\n      "content": "Programming Languages Python, C/C++, PHP, SQL, Bash. Machine Learning & AI PyTorch, Transformers, LLM inference, Vector databases (FAISS, Pinecone), Distributed training, Parallel processing, Hardware-aware optimization, Quantization & model compression, Feature engineering. ML Systems Ray, Dask, multiprocessing, job queues (RabbitMQ, Redis), GPU acceleration, CUDA basics, profiling & performance tuning (PySpy, cProfile, perf, nvtop). Backend & System Design FastAPI, REST APIs, microservices, asynchronous programming, caching strategies, high-load processing, message queues, CI/CD basics. Databases PostgreSQL, Redis. DevOps & Cloud Docker containerization, Linux (confident), monitoring & logging, cloud fundamentals (EC2).",\n      "raw_content": "Skills\\nProgramming Languages Python, C/C++, PHP, SQL, Bash\\nMachine Learning & AI PyTorch, Transformers, LLM inference, Vector databases (FAISS, Pinecone),\\nDistributed training, Parallel processing, Hardware-aware optimization, Quan-\\ntization & model compression, Feature engineering\\nML Systems Ray, Dask, multiprocessing, job queues (RabbitMQ, Redis), GPU acceleration,\\nCUDA basics, profiling & performance tuning (PySpy, cProfile, perf, nvtop)\\nBackend & System Design FastAPI, REST APIs, microservices, asynchronous programming, caching\\nstrategies, high-load processing, message queues, CI/CD basics\\nDatabases PostgreSQL, Redis\\nDevOps & Cloud Docker containerization, Linux (confident), monitoring & logging, cloud funda-\\nmentals (EC2)"\n    },\n    {\n      "title": "Education",\n      "content": "BSc Software Engineering, Astana IT University September 2022 - June 2025. Core subjects: Algorithms & Data Structures, Software Architecture, Object-Oriented Programming, Operating Systems, Computer Networks. Mathematics: Linear Algebra, Mathematical Analysis, Probability Theory, Statistics, Optimization. Systems & Databases: Distributed Systems, Database Management Systems (PostgreSQL), SRE Fundamentals, High-Load Systems, Cloud Computing Basics.",\n      "raw_content": "Education\\nBSc Software Engineering, Astana IT University September 2022 - June 2025\\n–Core subjects : Algorithms & Data Structures, Software Architecture, Object-Oriented Programming, Operating\\nSystems, Computer Networks\\n–Mathematics : Linear Algebra, Mathematical Analysis, Probability Theory, Statistics, Optimization\\n–Systems & Databases : Distributed Systems, Database Management Systems (PostgreSQL), SRE Fundamentals,\\nHigh-Load Systems, Cloud Computing Basics"\n    },\n    {\n      "title": "Work Experience",\n      "content": "FastMatch — Founder & ML Systems Developer Sep 2025 - Present. Designed parallel inference pipelines using multiprocessing + Ray, enabling 1,000 req/s load testing. Achieved 30% latency reduction through hardware-aware optimizations (GPU pinning, dynamic batching). Built an AI-powered resume-to-vacancy matching system with 87% recommendation accuracy. Documentolog - Backend Engineer Feb 2025 - Present. Designed and implemented an ML pipeline for document digitization (OCR → layout parsing → structured output), reducing processing time by 25% and error rate by 18%. Built hardware-aware inference optimizations (batching, parallel queues, caching), improving model response time under load. Developed a source-code obfuscation tool for internal SDKs, decreasing vulnerability exposure by 70%. Code ME - Instructor, Algorithms & Advanced Math Jul 2024 - Jan 2025. 60% of students secured their first IT job after completing my program. Taught programming, algorithms, discrete math, linear algebra, and optimization to groups of 20–30 students.",\n      "raw_content": "Work Experience\\nFastMatch — Founder & ML Systems Developer Sep 2025 - Present\\n– Designed parallel inference pipelines using multiprocessing + Ray, enabling 1,000 req/s load testing.\\n– Achieved 30% latency reduction through hardware-aware optimizations (GPU pinning, dynamic batching).\\n– Built an AI-powered resume-to-vacancy matching system with 87% recommendation accuracy.\\nDocumentolog - Backend Engineer Feb 2025 - Present\\n–Designed and implemented an ML pipeline for document digitization (OCR →layout parsing →structured\\noutput), reducing processing time by 25% and error rate by 18%.\\n–Built hardware-aware inference optimizations (batching, parallel queues, caching), improving model response\\ntime under load.\\n– Developed a source-code obfuscation tool for internal SDKs, decreasing vulnerability exposure by 70%.\\nCode ME - Instructor, Algorithms & Advanced Math Jul 2024 - Jan 2025\\n– 60% of students secured their first IT job after completing my program.\\n–Taught programming, algorithms, discrete math, linear algebra, and optimization to groups of 20–30 students."\n    },\n    {\n      "title": "Projects",\n      "content": "FastMatch — LLM-Powered Skill Extraction & Job Matching System 2025–Present. FastMatch is an LLM-based system that I designed to explore the relationship between model architecture, hardware configuration, and scalability. The project focuses on building embedding-based pipelines for skill extraction and semantic matching, and on experimenting with batching strategies and GPU utilization patterns that influence latency and throughput. Through these experiments, I developed a deeper understanding of hardware-aware optimization and parallel processing in ML systems. AI-Driven Workforce Shortage Prediction Model (Thesis Project) 2024–2025. As part of my thesis research, I developed a predictive model for forecasting skilled labor shortages using classical and ensemble ML methods. I designed the full experimentation pipeline, including feature engineering, cross-validation, and SHAP-based interpretability analysis. The model achieved 91% accuracy on real labor-market data, and the results were published in the journal Current Aspects of Education and Science Development.",\n      "raw_content": "Projects\\nFastMatch — LLM-Powered Skill Extraction & Job Matching System 2025–Present\\nFastMatch is an LLM-based system that I designed to explore the relationship between model architecture, hardware\\nconfiguration, and scalability. The project focuses on building embedding-based pipelines for skill extraction and\\nsemantic matching, and on experimenting with batching strategies and GPU utilization patterns that influence\\nlatency and throughput. Through these experiments, I developed a deeper understanding of hardware-aware\\noptimization and parallel processing in ML systems.\\nAI-Driven Workforce Shortage Prediction Model (Thesis Project) 2024–2025\\nAs part of my thesis research, I developed a predictive model for forecasting skilled labor shortages using classical\\nand ensemble ML methods. I designed the full experimentation pipeline, including feature engineering, cross-\\nvalidation, and SHAP-based interpretability analysis. The model achieved 91% accuracy on real labor-market data,\\nand the results were published in the journal Current Aspects of Education and Science Development ."\n    },\n    {\n      "title": "Certifications",\n      "content": "Mathematics for Machine Learning (certificate).",\n      "raw_content": "Certifications\\n•Mathematics for Machine Learning (certificate)"\n    }\n  ]\n}\n```' | trace:
Traceback (most recent call last):
  File "/Users/amirhanbotagariev/PycharmProjects/FastMatch/backend/app/integrations/llm/gemini_client.py", line 25, in generate_json
    return json.loads(raw)
           ^^^^^^^^^^^^^^^
  File "/opt/anaconda3/lib/python3.12/json/__init__.py", line 346, in loads
    return _default_decoder.decode(s)
           ^^^^^^^^^^^^^^^^^^^^^^^^^^
  File "/opt/anaconda3/lib/python3.12/json/decoder.py", line 337, in decode
    obj, end = self.raw_decode(s, idx=_w(s, 0).end())
               ^^^^^^^^^^^^^^^^^^^^^^^^^^^^^^^^^^^^^^
  File "/opt/anaconda3/lib/python3.12/json/decoder.py", line 355, in raw_decode
    raise JSONDecodeError("Expecting value", s, err.value) from None
json.decoder.JSONDecodeError: Expecting value: line 1 column 1 (char 0)

The above exception was the direct cause of the following exception:

Traceback (most recent call last):
  File "/Users/amirhanbotagariev/PycharmProjects/FastMatch/backend/app/modules/resumes/service.py", line 72, in create_base_resume_from_upload
    parsed_data = self._parsing_pipeline.parse(
                  ^^^^^^^^^^^^^^^^^^^^^^^^^^^^^
  File "/Users/amirhanbotagariev/PycharmProjects/FastMatch/backend/app/modules/resumes/parsing/pipeline.py", line 38, in parse
    llm_data: Dict[str, Any] = self._llm_parser.parse(raw_text)
                               ^^^^^^^^^^^^^^^^^^^^^^^^^^^^^^^^
  File "/Users/amirhanbotagariev/PycharmProjects/FastMatch/backend/app/modules/resumes/parsing/llm_resume_parser.py", line 13, in parse
    return self._llm.generate_json(prompt)
           ^^^^^^^^^^^^^^^^^^^^^^^^^^^^^^^
  File "/Users/amirhanbotagariev/PycharmProjects/FastMatch/backend/app/integrations/llm/gemini_client.py", line 28, in generate_json
    raise ValueError(f"Gemini returned invalid JSON: {raw!r}") from e
ValueError: Gemini returned invalid JSON: '```json\n{\n  "sections": [\n    {\n      "title": null,\n      "content": "Amirkhan Botagariyev Astana, Kazakhstan LinkedIn | amirkhanbotagariyev@gmail.com | +7-776-752-28-99",\n      "raw_content": "Amirkhan Botagariyev\\nAstana, Kazakhstan\\nLinkedIn |amirkhanbotagariyev@gmail.com |+7-776-752-28-99"\n    },\n    {\n      "title": "Summary",\n      "content": "Software engineer with strong foundations in algorithms, mathematics, and system design. Experienced in building ML-enabled backend systems, optimizing LLM inference pipelines, and applying hardware-aware techniques for high-performance AI infrastructure. Interested in ML Systems, distributed computing, and efficient model deployment.",\n      "raw_content": "Summary\\nSoftware engineer with strong foundations in algorithms, mathematics, and system design. Experienced in building\\nML-enabled backend systems, optimizing LLM inference pipelines, and applying hardware-aware techniques\\nfor high-performance AI infrastructure. Interested in ML Systems, distributed computing, and efficient model\\ndeployment."\n    },\n    {\n      "title": "Skills",\n      "content": "Programming Languages Python, C/C++, PHP, SQL, Bash. Machine Learning & AI PyTorch, Transformers, LLM inference, Vector databases (FAISS, Pinecone), Distributed training, Parallel processing, Hardware-aware optimization, Quantization & model compression, Feature engineering. ML Systems Ray, Dask, multiprocessing, job queues (RabbitMQ, Redis), GPU acceleration, CUDA basics, profiling & performance tuning (PySpy, cProfile, perf, nvtop). Backend & System Design FastAPI, REST APIs, microservices, asynchronous programming, caching strategies, high-load processing, message queues, CI/CD basics. Databases PostgreSQL, Redis. DevOps & Cloud Docker containerization, Linux (confident), monitoring & logging, cloud fundamentals (EC2).",\n      "raw_content": "Skills\\nProgramming Languages Python, C/C++, PHP, SQL, Bash\\nMachine Learning & AI PyTorch, Transformers, LLM inference, Vector databases (FAISS, Pinecone),\\nDistributed training, Parallel processing, Hardware-aware optimization, Quan-\\ntization & model compression, Feature engineering\\nML Systems Ray, Dask, multiprocessing, job queues (RabbitMQ, Redis), GPU acceleration,\\nCUDA basics, profiling & performance tuning (PySpy, cProfile, perf, nvtop)\\nBackend & System Design FastAPI, REST APIs, microservices, asynchronous programming, caching\\nstrategies, high-load processing, message queues, CI/CD basics\\nDatabases PostgreSQL, Redis\\nDevOps & Cloud Docker containerization, Linux (confident), monitoring & logging, cloud funda-\\nmentals (EC2)"\n    },\n    {\n      "title": "Education",\n      "content": "BSc Software Engineering, Astana IT University September 2022 - June 2025. Core subjects: Algorithms & Data Structures, Software Architecture, Object-Oriented Programming, Operating Systems, Computer Networks. Mathematics: Linear Algebra, Mathematical Analysis, Probability Theory, Statistics, Optimization. Systems & Databases: Distributed Systems, Database Management Systems (PostgreSQL), SRE Fundamentals, High-Load Systems, Cloud Computing Basics.",\n      "raw_content": "Education\\nBSc Software Engineering, Astana IT University September 2022 - June 2025\\n–Core subjects : Algorithms & Data Structures, Software Architecture, Object-Oriented Programming, Operating\\nSystems, Computer Networks\\n–Mathematics : Linear Algebra, Mathematical Analysis, Probability Theory, Statistics, Optimization\\n–Systems & Databases : Distributed Systems, Database Management Systems (PostgreSQL), SRE Fundamentals,\\nHigh-Load Systems, Cloud Computing Basics"\n    },\n    {\n      "title": "Work Experience",\n      "content": "FastMatch — Founder & ML Systems Developer Sep 2025 - Present. Designed parallel inference pipelines using multiprocessing + Ray, enabling 1,000 req/s load testing. Achieved 30% latency reduction through hardware-aware optimizations (GPU pinning, dynamic batching). Built an AI-powered resume-to-vacancy matching system with 87% recommendation accuracy. Documentolog - Backend Engineer Feb 2025 - Present. Designed and implemented an ML pipeline for document digitization (OCR → layout parsing → structured output), reducing processing time by 25% and error rate by 18%. Built hardware-aware inference optimizations (batching, parallel queues, caching), improving model response time under load. Developed a source-code obfuscation tool for internal SDKs, decreasing vulnerability exposure by 70%. Code ME - Instructor, Algorithms & Advanced Math Jul 2024 - Jan 2025. 60% of students secured their first IT job after completing my program. Taught programming, algorithms, discrete math, linear algebra, and optimization to groups of 20–30 students.",\n      "raw_content": "Work Experience\\nFastMatch — Founder & ML Systems Developer Sep 2025 - Present\\n– Designed parallel inference pipelines using multiprocessing + Ray, enabling 1,000 req/s load testing.\\n– Achieved 30% latency reduction through hardware-aware optimizations (GPU pinning, dynamic batching).\\n– Built an AI-powered resume-to-vacancy matching system with 87% recommendation accuracy.\\nDocumentolog - Backend Engineer Feb 2025 - Present\\n–Designed and implemented an ML pipeline for document digitization (OCR →layout parsing →structured\\noutput), reducing processing time by 25% and error rate by 18%.\\n–Built hardware-aware inference optimizations (batching, parallel queues, caching), improving model response\\ntime under load.\\n– Developed a source-code obfuscation tool for internal SDKs, decreasing vulnerability exposure by 70%.\\nCode ME - Instructor, Algorithms & Advanced Math Jul 2024 - Jan 2025\\n– 60% of students secured their first IT job after completing my program.\\n–Taught programming, algorithms, discrete math, linear algebra, and optimization to groups of 20–30 students."\n    },\n    {\n      "title": "Projects",\n      "content": "FastMatch — LLM-Powered Skill Extraction & Job Matching System 2025–Present. FastMatch is an LLM-based system that I designed to explore the relationship between model architecture, hardware configuration, and scalability. The project focuses on building embedding-based pipelines for skill extraction and semantic matching, and on experimenting with batching strategies and GPU utilization patterns that influence latency and throughput. Through these experiments, I developed a deeper understanding of hardware-aware optimization and parallel processing in ML systems. AI-Driven Workforce Shortage Prediction Model (Thesis Project) 2024–2025. As part of my thesis research, I developed a predictive model for forecasting skilled labor shortages using classical and ensemble ML methods. I designed the full experimentation pipeline, including feature engineering, cross-validation, and SHAP-based interpretability analysis. The model achieved 91% accuracy on real labor-market data, and the results were published in the journal Current Aspects of Education and Science Development.",\n      "raw_content": "Projects\\nFastMatch — LLM-Powered Skill Extraction & Job Matching System 2025–Present\\nFastMatch is an LLM-based system that I designed to explore the relationship between model architecture, hardware\\nconfiguration, and scalability. The project focuses on building embedding-based pipelines for skill extraction and\\nsemantic matching, and on experimenting with batching strategies and GPU utilization patterns that influence\\nlatency and throughput. Through these experiments, I developed a deeper understanding of hardware-aware\\noptimization and parallel processing in ML systems.\\nAI-Driven Workforce Shortage Prediction Model (Thesis Project) 2024–2025\\nAs part of my thesis research, I developed a predictive model for forecasting skilled labor shortages using classical\\nand ensemble ML methods. I designed the full experimentation pipeline, including feature engineering, cross-\\nvalidation, and SHAP-based interpretability analysis. The model achieved 91% accuracy on real labor-market data,\\nand the results were published in the journal Current Aspects of Education and Science Development ."\n    },\n    {\n      "title": "Certifications",\n      "content": "Mathematics for Machine Learning (certificate).",\n      "raw_content": "Certifications\\n•Mathematics for Machine Learning (certificate)"\n    }\n  ]\n}\n```'

extra={'filename': 'cv.pdf'}
